// Jest Snapshot v1, https://goo.gl/fbAQLP

exports[`NavigationBar [snapshot] should render the "Default" component correctly 1`] = `<div />`;
