// Jest Snapshot v1, https://goo.gl/fbAQLP

exports[`PlayerRemoteListeningDevice [snapshot] should render the "ListeningOnDesktop" component correctly 1`] = `<div />`;
