// Jest Snapshot v1, https://goo.gl/fbAQLP

exports[`Feed should render correctly 1`] = `
<div
  data-v-app=""
>
  
  <span
    data-test="author"
  >
    TheBaronless
  </span>
  <span
    data-test="publicationDate"
  >
    less than a minute ago
  </span>
  <p
    data-test="content"
  >
    Lorem ipsum
  </p>
  <svg
    data-test="heart"
    height="24"
    viewBox="0 0 24 24"
    width="24"
  >
    <path
      d="M12,21.35L10.55,20.03C5.4,15.36 2,12.27 2,8.5C2,5.41 4.42,3 7.5,3C9.24,3 10.91,3.81 12,5.08C13.09,3.81 14.76,3 16.5,3C19.58,3 22,5.41 22,8.5C22,12.27 18.6,15.36 13.45,20.03L12,21.35Z"
      data-test="iconPath"
    />
  </svg>
  <span
    data-test="numberOfLikes"
  >
    10
  </span>
  
</div>
`;
